Hip Hip Hurray! For Llewellyn
Hello Samantha, it's nice to meet you.
Hello Tomas, it's nice to meet you.
Hello Emilia, it's nice to meet you.
Hello Llewellyn, it's nice to meet you.
SAMANTHA! Yay Samantha!
TOMAS! Yay Tomas!
EMILIA! Yay Emilia!
Hello Llewellyn, it's nice to meet you.
Hello Samantha, it's nice to meet you.
Hello Tomas, it's nice to meet you.
Hello Emilia, it's nice to meet you.
