Hip Hip Hurray! For Llewellyn
Hello Samatha, it's nice to meet you.
Hello Tomas, it's nice to meet you.
Hello Emilia, it's nice to meet you.
Hello Llewellyn, it's nice to meet you.
Say yeah! Say yo! Say Samatha
Hello Tomas, it's nice to meet you.
Hello Emilia, it's nice to meet you.
Hello Llewellyn, it's nice to meet you.
Hello Samatha, it's nice to meet you.
Hello Tomas, it's nice to meet you.
Hello Emilia, it's nice to meet you.
